MPLINK 5.09, LINKER
Linker Map File - Created Thu Sep 21 15:49:23 2023

                                 Section Info
                  Section       Type    Address   Location Size(Bytes)
                ---------  ---------  ---------  ---------  ---------
                   .org_0       code   0x000000    program   0x0000a6
                   .cinit    romdata   0x0000a6    program   0x000002
.config_300001_BUILD/DEFAULT/DEBUG/MAIN.O    romdata   0x300001    program   0x000001
.config_300003_BUILD/DEFAULT/DEBUG/MAIN.O    romdata   0x300003    program   0x000001



                              Program Memory Usage 
                               Start         End      
                           ---------   ---------      
                            0x000000    0x0000a7      
                            0x300001    0x300001      
                            0x300003    0x300003      
            170 out of 33048 program addresses used, program memory utilization is 0%



                              Symbols - Sorted by Name
                     Name    Address   Location    Storage File                     
                ---------  ---------  ---------  --------- ---------                
                 MAX_LOOP   0x000026    program     static C:\Users\otter\MPLABXProjects\LAB02_BONUS.X\MAIN.asm
                 MIN_LOOP   0x00004c    program     static C:\Users\otter\MPLABXProjects\LAB02_BONUS.X\MAIN.asm
                     MOVE   0x000086    program     static C:\Users\otter\MPLABXProjects\LAB02_BONUS.X\MAIN.asm
               OUTER_LOOP   0x000026    program     static C:\Users\otter\MPLABXProjects\LAB02_BONUS.X\MAIN.asm



                              Symbols - Sorted by Address
                     Name    Address   Location    Storage File                     
                ---------  ---------  ---------  --------- ---------                
                 MAX_LOOP   0x000026    program     static C:\Users\otter\MPLABXProjects\LAB02_BONUS.X\MAIN.asm
               OUTER_LOOP   0x000026    program     static C:\Users\otter\MPLABXProjects\LAB02_BONUS.X\MAIN.asm
                 MIN_LOOP   0x00004c    program     static C:\Users\otter\MPLABXProjects\LAB02_BONUS.X\MAIN.asm
                     MOVE   0x000086    program     static C:\Users\otter\MPLABXProjects\LAB02_BONUS.X\MAIN.asm


