MPLINK 5.09, LINKER
Linker Map File - Created Thu Oct 26 14:06:49 2023

                                 Section Info
                  Section       Type    Address   Location Size(Bytes)
                ---------  ---------  ---------  ---------  ---------
                   .org_0       code   0x000000    program   0x0000d0
                   .cinit    romdata   0x0000d0    program   0x000002
                    dbgP0       code   0x007dc0    program   0x000240
.config_300001_BUILD/DEFAULT/DEBUG/LAB06.O    romdata   0x300001    program   0x000001
.config_300003_BUILD/DEFAULT/DEBUG/LAB06.O    romdata   0x300003    program   0x000001
.config_300006_BUILD/DEFAULT/DEBUG/LAB06.O    romdata   0x300006    program   0x000001
                    dbgD0      udata   0x0005f4       data   0x00000c



                              Program Memory Usage 
                               Start         End      
                           ---------   ---------      
                            0x000000    0x0000d1      
                            0x007dc0    0x007fff      
                            0x300001    0x300001      
                            0x300003    0x300003      
                            0x300006    0x300006      
            789 out of 33048 program addresses used, program memory utilization is 2%



                              Symbols - Sorted by Name
                     Name    Address   Location    Storage File                     
                ---------  ---------  ---------  --------- ---------                
                    STAT0   0x000012    program     static C:\Users\otter\MPLABXProjects\LAB06.X\LAB06.asm
                    STAT1   0x000038    program     static C:\Users\otter\MPLABXProjects\LAB06.X\LAB06.asm
                    STAT2   0x00005e    program     static C:\Users\otter\MPLABXProjects\LAB06.X\LAB06.asm
                    STAT3   0x000084    program     static C:\Users\otter\MPLABXProjects\LAB06.X\LAB06.asm
                    STAT4   0x0000aa    program     static C:\Users\otter\MPLABXProjects\LAB06.X\LAB06.asm
                  _1LOOP1   0x000020    program     static C:\Users\otter\MPLABXProjects\LAB06.X\LAB06.asm
                  _1LOOP2   0x00001c    program     static C:\Users\otter\MPLABXProjects\LAB06.X\LAB06.asm
                  _2LOOP1   0x000046    program     static C:\Users\otter\MPLABXProjects\LAB06.X\LAB06.asm
                  _2LOOP2   0x000042    program     static C:\Users\otter\MPLABXProjects\LAB06.X\LAB06.asm
                  _3LOOP1   0x00006c    program     static C:\Users\otter\MPLABXProjects\LAB06.X\LAB06.asm
                  _3LOOP2   0x000068    program     static C:\Users\otter\MPLABXProjects\LAB06.X\LAB06.asm
                  _4LOOP1   0x000092    program     static C:\Users\otter\MPLABXProjects\LAB06.X\LAB06.asm
                  _4LOOP2   0x00008e    program     static C:\Users\otter\MPLABXProjects\LAB06.X\LAB06.asm
                  _5LOOP1   0x0000b8    program     static C:\Users\otter\MPLABXProjects\LAB06.X\LAB06.asm
                  _5LOOP2   0x0000b4    program     static C:\Users\otter\MPLABXProjects\LAB06.X\LAB06.asm
                      int   0x000000    program     static C:\Users\otter\MPLABXProjects\LAB06.X\LAB06.asm
                    start   0x000000    program     static C:\Users\otter\MPLABXProjects\LAB06.X\LAB06.asm



                              Symbols - Sorted by Address
                     Name    Address   Location    Storage File                     
                ---------  ---------  ---------  --------- ---------                
                    start   0x000000    program     static C:\Users\otter\MPLABXProjects\LAB06.X\LAB06.asm
                      int   0x000000    program     static C:\Users\otter\MPLABXProjects\LAB06.X\LAB06.asm
                    STAT0   0x000012    program     static C:\Users\otter\MPLABXProjects\LAB06.X\LAB06.asm
                  _1LOOP2   0x00001c    program     static C:\Users\otter\MPLABXProjects\LAB06.X\LAB06.asm
                  _1LOOP1   0x000020    program     static C:\Users\otter\MPLABXProjects\LAB06.X\LAB06.asm
                    STAT1   0x000038    program     static C:\Users\otter\MPLABXProjects\LAB06.X\LAB06.asm
                  _2LOOP2   0x000042    program     static C:\Users\otter\MPLABXProjects\LAB06.X\LAB06.asm
                  _2LOOP1   0x000046    program     static C:\Users\otter\MPLABXProjects\LAB06.X\LAB06.asm
                    STAT2   0x00005e    program     static C:\Users\otter\MPLABXProjects\LAB06.X\LAB06.asm
                  _3LOOP2   0x000068    program     static C:\Users\otter\MPLABXProjects\LAB06.X\LAB06.asm
                  _3LOOP1   0x00006c    program     static C:\Users\otter\MPLABXProjects\LAB06.X\LAB06.asm
                    STAT3   0x000084    program     static C:\Users\otter\MPLABXProjects\LAB06.X\LAB06.asm
                  _4LOOP2   0x00008e    program     static C:\Users\otter\MPLABXProjects\LAB06.X\LAB06.asm
                  _4LOOP1   0x000092    program     static C:\Users\otter\MPLABXProjects\LAB06.X\LAB06.asm
                    STAT4   0x0000aa    program     static C:\Users\otter\MPLABXProjects\LAB06.X\LAB06.asm
                  _5LOOP2   0x0000b4    program     static C:\Users\otter\MPLABXProjects\LAB06.X\LAB06.asm
                  _5LOOP1   0x0000b8    program     static C:\Users\otter\MPLABXProjects\LAB06.X\LAB06.asm


