MPLINK 5.09, LINKER
Linker Map File - Created Thu Oct 26 14:44:04 2023

                                 Section Info
                  Section       Type    Address   Location Size(Bytes)
                ---------  ---------  ---------  ---------  ---------
                   .org_0       code   0x000000    program   0x000232
                   .cinit    romdata   0x000232    program   0x000002
                    dbgP0       code   0x007dc0    program   0x000240
.config_300001_BUILD/DEFAULT/DEBUG/LAB06_BONUS.    romdata   0x300001    program   0x000001
.config_300003_BUILD/DEFAULT/DEBUG/LAB06_BONUS.    romdata   0x300003    program   0x000001
.config_300006_BUILD/DEFAULT/DEBUG/LAB06_BONUS.    romdata   0x300006    program   0x000001
                    dbgD0      udata   0x0005f4       data   0x00000c



                              Program Memory Usage 
                               Start         End      
                           ---------   ---------      
                            0x000000    0x000233      
                            0x007dc0    0x007fff      
                            0x300001    0x300001      
                            0x300003    0x300003      
                            0x300006    0x300006      
            1143 out of 33048 program addresses used, program memory utilization is 3%



                              Symbols - Sorted by Name
                     Name    Address   Location    Storage File                     
                ---------  ---------  ---------  --------- ---------                
                    STAT0   0x000012    program     static C:\Users\otter\MPLABXProjects\LAB06_BONUS.X\LAB06_BONUS.asm
                    STAT1   0x0001f0    program     static C:\Users\otter\MPLABXProjects\LAB06_BONUS.X\LAB06_BONUS.asm
                    STAT2   0x0001b2    program     static C:\Users\otter\MPLABXProjects\LAB06_BONUS.X\LAB06_BONUS.asm
                    STAT3   0x000174    program     static C:\Users\otter\MPLABXProjects\LAB06_BONUS.X\LAB06_BONUS.asm
                    STAT4   0x000136    program     static C:\Users\otter\MPLABXProjects\LAB06_BONUS.X\LAB06_BONUS.asm
                 _10LOOP1   0x000144    program     static C:\Users\otter\MPLABXProjects\LAB06_BONUS.X\LAB06_BONUS.asm
                 _10LOOP2   0x000140    program     static C:\Users\otter\MPLABXProjects\LAB06_BONUS.X\LAB06_BONUS.asm
                 _11LOOP1   0x00015e    program     static C:\Users\otter\MPLABXProjects\LAB06_BONUS.X\LAB06_BONUS.asm
                 _11LOOP2   0x00015a    program     static C:\Users\otter\MPLABXProjects\LAB06_BONUS.X\LAB06_BONUS.asm
                 _12LOOP1   0x000182    program     static C:\Users\otter\MPLABXProjects\LAB06_BONUS.X\LAB06_BONUS.asm
                 _12LOOP2   0x00017e    program     static C:\Users\otter\MPLABXProjects\LAB06_BONUS.X\LAB06_BONUS.asm
                 _13LOOP1   0x00019c    program     static C:\Users\otter\MPLABXProjects\LAB06_BONUS.X\LAB06_BONUS.asm
                 _13LOOP2   0x000198    program     static C:\Users\otter\MPLABXProjects\LAB06_BONUS.X\LAB06_BONUS.asm
                 _14LOOP1   0x0001c0    program     static C:\Users\otter\MPLABXProjects\LAB06_BONUS.X\LAB06_BONUS.asm
                 _14LOOP2   0x0001bc    program     static C:\Users\otter\MPLABXProjects\LAB06_BONUS.X\LAB06_BONUS.asm
                 _15LOOP1   0x0001da    program     static C:\Users\otter\MPLABXProjects\LAB06_BONUS.X\LAB06_BONUS.asm
                 _15LOOP2   0x0001d6    program     static C:\Users\otter\MPLABXProjects\LAB06_BONUS.X\LAB06_BONUS.asm
                 _16LOOP1   0x0001fe    program     static C:\Users\otter\MPLABXProjects\LAB06_BONUS.X\LAB06_BONUS.asm
                 _16LOOP2   0x0001fa    program     static C:\Users\otter\MPLABXProjects\LAB06_BONUS.X\LAB06_BONUS.asm
                 _17LOOP1   0x000218    program     static C:\Users\otter\MPLABXProjects\LAB06_BONUS.X\LAB06_BONUS.asm
                 _17LOOP2   0x000214    program     static C:\Users\otter\MPLABXProjects\LAB06_BONUS.X\LAB06_BONUS.asm
                  _1LOOP1   0x000020    program     static C:\Users\otter\MPLABXProjects\LAB06_BONUS.X\LAB06_BONUS.asm
                  _1LOOP2   0x00001c    program     static C:\Users\otter\MPLABXProjects\LAB06_BONUS.X\LAB06_BONUS.asm
                  _2LOOP1   0x000048    program     static C:\Users\otter\MPLABXProjects\LAB06_BONUS.X\LAB06_BONUS.asm
                  _2LOOP2   0x000044    program     static C:\Users\otter\MPLABXProjects\LAB06_BONUS.X\LAB06_BONUS.asm
                  _3LOOP1   0x000062    program     static C:\Users\otter\MPLABXProjects\LAB06_BONUS.X\LAB06_BONUS.asm
                  _3LOOP2   0x00005e    program     static C:\Users\otter\MPLABXProjects\LAB06_BONUS.X\LAB06_BONUS.asm
                  _4LOOP1   0x000086    program     static C:\Users\otter\MPLABXProjects\LAB06_BONUS.X\LAB06_BONUS.asm
                  _4LOOP2   0x000082    program     static C:\Users\otter\MPLABXProjects\LAB06_BONUS.X\LAB06_BONUS.asm
                  _5LOOP1   0x0000a0    program     static C:\Users\otter\MPLABXProjects\LAB06_BONUS.X\LAB06_BONUS.asm
                  _5LOOP2   0x00009c    program     static C:\Users\otter\MPLABXProjects\LAB06_BONUS.X\LAB06_BONUS.asm
                  _6LOOP1   0x0000c4    program     static C:\Users\otter\MPLABXProjects\LAB06_BONUS.X\LAB06_BONUS.asm
                  _6LOOP2   0x0000c0    program     static C:\Users\otter\MPLABXProjects\LAB06_BONUS.X\LAB06_BONUS.asm
                  _7LOOP1   0x0000de    program     static C:\Users\otter\MPLABXProjects\LAB06_BONUS.X\LAB06_BONUS.asm
                  _7LOOP2   0x0000da    program     static C:\Users\otter\MPLABXProjects\LAB06_BONUS.X\LAB06_BONUS.asm
                  _8LOOP1   0x000102    program     static C:\Users\otter\MPLABXProjects\LAB06_BONUS.X\LAB06_BONUS.asm
                  _8LOOP2   0x0000fe    program     static C:\Users\otter\MPLABXProjects\LAB06_BONUS.X\LAB06_BONUS.asm
                  _9LOOP1   0x00011c    program     static C:\Users\otter\MPLABXProjects\LAB06_BONUS.X\LAB06_BONUS.asm
                  _9LOOP2   0x000118    program     static C:\Users\otter\MPLABXProjects\LAB06_BONUS.X\LAB06_BONUS.asm
                   _STAT1   0x00003a    program     static C:\Users\otter\MPLABXProjects\LAB06_BONUS.X\LAB06_BONUS.asm
                   _STAT2   0x000078    program     static C:\Users\otter\MPLABXProjects\LAB06_BONUS.X\LAB06_BONUS.asm
                   _STAT3   0x0000b6    program     static C:\Users\otter\MPLABXProjects\LAB06_BONUS.X\LAB06_BONUS.asm
                   _STAT4   0x0000f4    program     static C:\Users\otter\MPLABXProjects\LAB06_BONUS.X\LAB06_BONUS.asm
                  _STATE1   0x00003a    program     static C:\Users\otter\MPLABXProjects\LAB06_BONUS.X\LAB06_BONUS.asm
                  _STATE2   0x000136    program     static C:\Users\otter\MPLABXProjects\LAB06_BONUS.X\LAB06_BONUS.asm
                    _main   0x000000    program     static C:\Users\otter\MPLABXProjects\LAB06_BONUS.X\LAB06_BONUS.asm
                      int   0x000000    program     static C:\Users\otter\MPLABXProjects\LAB06_BONUS.X\LAB06_BONUS.asm



                              Symbols - Sorted by Address
                     Name    Address   Location    Storage File                     
                ---------  ---------  ---------  --------- ---------                
                      int   0x000000    program     static C:\Users\otter\MPLABXProjects\LAB06_BONUS.X\LAB06_BONUS.asm
                    _main   0x000000    program     static C:\Users\otter\MPLABXProjects\LAB06_BONUS.X\LAB06_BONUS.asm
                    STAT0   0x000012    program     static C:\Users\otter\MPLABXProjects\LAB06_BONUS.X\LAB06_BONUS.asm
                  _1LOOP2   0x00001c    program     static C:\Users\otter\MPLABXProjects\LAB06_BONUS.X\LAB06_BONUS.asm
                  _1LOOP1   0x000020    program     static C:\Users\otter\MPLABXProjects\LAB06_BONUS.X\LAB06_BONUS.asm
                  _STATE1   0x00003a    program     static C:\Users\otter\MPLABXProjects\LAB06_BONUS.X\LAB06_BONUS.asm
                   _STAT1   0x00003a    program     static C:\Users\otter\MPLABXProjects\LAB06_BONUS.X\LAB06_BONUS.asm
                  _2LOOP2   0x000044    program     static C:\Users\otter\MPLABXProjects\LAB06_BONUS.X\LAB06_BONUS.asm
                  _2LOOP1   0x000048    program     static C:\Users\otter\MPLABXProjects\LAB06_BONUS.X\LAB06_BONUS.asm
                  _3LOOP2   0x00005e    program     static C:\Users\otter\MPLABXProjects\LAB06_BONUS.X\LAB06_BONUS.asm
                  _3LOOP1   0x000062    program     static C:\Users\otter\MPLABXProjects\LAB06_BONUS.X\LAB06_BONUS.asm
                   _STAT2   0x000078    program     static C:\Users\otter\MPLABXProjects\LAB06_BONUS.X\LAB06_BONUS.asm
                  _4LOOP2   0x000082    program     static C:\Users\otter\MPLABXProjects\LAB06_BONUS.X\LAB06_BONUS.asm
                  _4LOOP1   0x000086    program     static C:\Users\otter\MPLABXProjects\LAB06_BONUS.X\LAB06_BONUS.asm
                  _5LOOP2   0x00009c    program     static C:\Users\otter\MPLABXProjects\LAB06_BONUS.X\LAB06_BONUS.asm
                  _5LOOP1   0x0000a0    program     static C:\Users\otter\MPLABXProjects\LAB06_BONUS.X\LAB06_BONUS.asm
                   _STAT3   0x0000b6    program     static C:\Users\otter\MPLABXProjects\LAB06_BONUS.X\LAB06_BONUS.asm
                  _6LOOP2   0x0000c0    program     static C:\Users\otter\MPLABXProjects\LAB06_BONUS.X\LAB06_BONUS.asm
                  _6LOOP1   0x0000c4    program     static C:\Users\otter\MPLABXProjects\LAB06_BONUS.X\LAB06_BONUS.asm
                  _7LOOP2   0x0000da    program     static C:\Users\otter\MPLABXProjects\LAB06_BONUS.X\LAB06_BONUS.asm
                  _7LOOP1   0x0000de    program     static C:\Users\otter\MPLABXProjects\LAB06_BONUS.X\LAB06_BONUS.asm
                   _STAT4   0x0000f4    program     static C:\Users\otter\MPLABXProjects\LAB06_BONUS.X\LAB06_BONUS.asm
                  _8LOOP2   0x0000fe    program     static C:\Users\otter\MPLABXProjects\LAB06_BONUS.X\LAB06_BONUS.asm
                  _8LOOP1   0x000102    program     static C:\Users\otter\MPLABXProjects\LAB06_BONUS.X\LAB06_BONUS.asm
                  _9LOOP2   0x000118    program     static C:\Users\otter\MPLABXProjects\LAB06_BONUS.X\LAB06_BONUS.asm
                  _9LOOP1   0x00011c    program     static C:\Users\otter\MPLABXProjects\LAB06_BONUS.X\LAB06_BONUS.asm
                    STAT4   0x000136    program     static C:\Users\otter\MPLABXProjects\LAB06_BONUS.X\LAB06_BONUS.asm
                  _STATE2   0x000136    program     static C:\Users\otter\MPLABXProjects\LAB06_BONUS.X\LAB06_BONUS.asm
                 _10LOOP2   0x000140    program     static C:\Users\otter\MPLABXProjects\LAB06_BONUS.X\LAB06_BONUS.asm
                 _10LOOP1   0x000144    program     static C:\Users\otter\MPLABXProjects\LAB06_BONUS.X\LAB06_BONUS.asm
                 _11LOOP2   0x00015a    program     static C:\Users\otter\MPLABXProjects\LAB06_BONUS.X\LAB06_BONUS.asm
                 _11LOOP1   0x00015e    program     static C:\Users\otter\MPLABXProjects\LAB06_BONUS.X\LAB06_BONUS.asm
                    STAT3   0x000174    program     static C:\Users\otter\MPLABXProjects\LAB06_BONUS.X\LAB06_BONUS.asm
                 _12LOOP2   0x00017e    program     static C:\Users\otter\MPLABXProjects\LAB06_BONUS.X\LAB06_BONUS.asm
                 _12LOOP1   0x000182    program     static C:\Users\otter\MPLABXProjects\LAB06_BONUS.X\LAB06_BONUS.asm
                 _13LOOP2   0x000198    program     static C:\Users\otter\MPLABXProjects\LAB06_BONUS.X\LAB06_BONUS.asm
                 _13LOOP1   0x00019c    program     static C:\Users\otter\MPLABXProjects\LAB06_BONUS.X\LAB06_BONUS.asm
                    STAT2   0x0001b2    program     static C:\Users\otter\MPLABXProjects\LAB06_BONUS.X\LAB06_BONUS.asm
                 _14LOOP2   0x0001bc    program     static C:\Users\otter\MPLABXProjects\LAB06_BONUS.X\LAB06_BONUS.asm
                 _14LOOP1   0x0001c0    program     static C:\Users\otter\MPLABXProjects\LAB06_BONUS.X\LAB06_BONUS.asm
                 _15LOOP2   0x0001d6    program     static C:\Users\otter\MPLABXProjects\LAB06_BONUS.X\LAB06_BONUS.asm
                 _15LOOP1   0x0001da    program     static C:\Users\otter\MPLABXProjects\LAB06_BONUS.X\LAB06_BONUS.asm
                    STAT1   0x0001f0    program     static C:\Users\otter\MPLABXProjects\LAB06_BONUS.X\LAB06_BONUS.asm
                 _16LOOP2   0x0001fa    program     static C:\Users\otter\MPLABXProjects\LAB06_BONUS.X\LAB06_BONUS.asm
                 _16LOOP1   0x0001fe    program     static C:\Users\otter\MPLABXProjects\LAB06_BONUS.X\LAB06_BONUS.asm
                 _17LOOP2   0x000214    program     static C:\Users\otter\MPLABXProjects\LAB06_BONUS.X\LAB06_BONUS.asm
                 _17LOOP1   0x000218    program     static C:\Users\otter\MPLABXProjects\LAB06_BONUS.X\LAB06_BONUS.asm


